
Memory Configuration

Name             Origin             Length             Attributes
flash            0x00000000         0x00080000         xr
sram             0x10000000         0x00008000         xrw
*default*        0x00000000         0xffffffff

Linker script and memory map

LOAD startup_LPC17xx.o
LOAD main.o
START GROUP
LOAD /home/anteater/tc/arm-2009q3/bin/../lib/gcc/arm-none-eabi/4.4.1/thumb2/libgcc.a
LOAD /home/anteater/tc/arm-2009q3/bin/../lib/gcc/arm-none-eabi/4.4.1/../../../../arm-none-eabi/lib/thumb2/libc.a
END GROUP
                0x10008000                _end_stack = 0x10008000

.text           0x00000000      0x2dc
                0x00000000                __interrupt_vector_table = .
 *(.interrupt_vector_table)
 .interrupt_vector_table
                0x00000000       0xc4 startup_LPC17xx.o
 *(.startup)
 .startup       0x000000c4       0x10 startup_LPC17xx.o
                0x000000c4                _startup
                0x000000c4                Reset_Handler
 *(.text)
 .text          0x000000d4        0x0 startup_LPC17xx.o
 .text          0x000000d4      0x208 main.o
                0x000000d4                init
                0x000002b8                main
 *(.rodata)
 *(.rodata*)
 *(.glue_7)
 .glue_7        0x00000000        0x0 linker stubs
 *(.glue_7t)
 .glue_7t       0x00000000        0x0 linker stubs
                0x000002dc                _end_text = .

.vfp11_veneer   0x000002dc        0x0
 .vfp11_veneer  0x00000000        0x0 linker stubs

.v4_bx          0x000002dc        0x0
 .v4_bx         0x00000000        0x0 linker stubs

.data           0x10000000        0x0
                0x10000000                _start_data = .
 *(.data)
 .data          0x10000000        0x0 startup_LPC17xx.o
 .data          0x10000000        0x0 main.o
                0x10000000                _end_data = .

.bss            0x10000000        0x0
                0x10000000                _start_bss = .
 *(.bss)
 .bss           0x10000000        0x0 startup_LPC17xx.o
 .bss           0x10000000        0x0 main.o
                0x10000000                . = ALIGN (0x4)
                0x10000000                _end_bss = .
                0x10000000                . = ALIGN (0x100)
                0x10000000                _start_stack = .

/DISCARD/
 *(.eh_*)
                0x10000000                _end = .
                0x10000000                PROVIDE (end, .)
OUTPUT(mbed_test.elf elf32-littlearm)

.ARM.attributes
                0x00000000       0x2d
 .ARM.attributes
                0x00000000       0x21 startup_LPC17xx.o
 .ARM.attributes
                0x00000021       0x31 main.o

.comment        0x00000000       0x2a
 .comment       0x00000000       0x2a main.o

.debug_abbrev   0x00000000       0xe8
 .debug_abbrev  0x00000000       0xe8 main.o

.debug_info     0x00000000      0x61a
 .debug_info    0x00000000      0x61a main.o

.debug_line     0x00000000       0xde
 .debug_line    0x00000000       0xde main.o

.debug_frame    0x00000000       0x48
 .debug_frame   0x00000000       0x48 main.o

.debug_loc      0x00000000       0x56
 .debug_loc     0x00000000       0x56 main.o

.debug_pubnames
                0x00000000       0x24
 .debug_pubnames
                0x00000000       0x24 main.o

.debug_aranges  0x00000000       0x20
 .debug_aranges
                0x00000000       0x20 main.o

.debug_str      0x00000000      0x2ed
 .debug_str     0x00000000      0x2ed main.o
                                0x321 (size before relaxing)
